// Jest Snapshot v1, https://goo.gl/fbAQLP

exports[`renders the List component expected 1`] = `
<section
  className="List"
>
  <header
    className="List-header"
  >
    <h2>
      Test Header
    </h2>
  </header>
  <div
    className="List-cards"
  >
    <div
      className="Card"
    >
      <h3>
        test
      </h3>
      <p>
        still a test
      </p>
    </div>
    <div
      className="Card"
    >
      <h3>
        test
      </h3>
      <p>
        still a test
      </p>
    </div>
  </div>
</section>
`;
